// Jest Snapshot v1, https://goo.gl/fbAQLP

exports[`ReviewsList should render correctly 1`] = `
Array [
  <h2
    className="reviews__title"
  >
    Reviews · 
    <span
      className="reviews__amount"
    >
      11
    </span>
  </h2>,
  <ul
    className="reviews__list"
  >
    <li
      className="reviews__item"
    >
      <div
        className="reviews__user user"
      >
        <div
          className="reviews__avatar-wrapper user__avatar-wrapper"
        >
          <img
            alt="Reviews avatar"
            className="reviews__avatar user__avatar"
            height="54"
            src="http://picsum.photos/90/90?r=1"
            width="54"
          />
        </div>
        <span
          className="reviews__user-name"
        >
          John
        </span>
      </div>
      <div
        className="reviews__info"
      >
        <div
          className="reviews__rating rating"
        >
          <div
            className="reviews__stars rating__stars"
          >
            <span
              style={
                Object {
                  "width": "60%",
                }
              }
            />
            <span
              className="visually-hidden"
            >
              3.3
            </span>
          </div>
        </div>
        <p
          className="reviews__text"
        >
          A quiet cozy and picturesque that hides behind a river by the unique lightness of Amsterdam.
      The building is green and from 18th century.
        </p>
        <time
          className="reviews__time"
          dateTime="2018-12-24"
        >
          December 2018
        </time>
      </div>
    </li>
    <li
      className="reviews__item"
    >
      <div
        className="reviews__user user"
      >
        <div
          className="reviews__avatar-wrapper user__avatar-wrapper"
        >
          <img
            alt="Reviews avatar"
            className="reviews__avatar user__avatar"
            height="54"
            src="http://picsum.photos/90/90?r=2"
            width="54"
          />
        </div>
        <span
          className="reviews__user-name"
        >
          Ivan
        </span>
      </div>
      <div
        className="reviews__info"
      >
        <div
          className="reviews__rating rating"
        >
          <div
            className="reviews__stars rating__stars"
          >
            <span
              style={
                Object {
                  "width": "80%",
                }
              }
            />
            <span
              className="visually-hidden"
            >
              4.3
            </span>
          </div>
        </div>
        <p
          className="reviews__text"
        >
          A quiet cozy and picturesque that hides behind a river by the unique lightness of Amsterdam.
      The building is green and from 18th century.
        </p>
        <time
          className="reviews__time"
          dateTime="2018-12-20"
        >
          December 2018
        </time>
      </div>
    </li>
    <li
      className="reviews__item"
    >
      <div
        className="reviews__user user"
      >
        <div
          className="reviews__avatar-wrapper user__avatar-wrapper"
        >
          <img
            alt="Reviews avatar"
            className="reviews__avatar user__avatar"
            height="54"
            src="http://picsum.photos/90/90?r=3"
            width="54"
          />
        </div>
        <span
          className="reviews__user-name"
        >
          Sveta
        </span>
      </div>
      <div
        className="reviews__info"
      >
        <div
          className="reviews__rating rating"
        >
          <div
            className="reviews__stars rating__stars"
          >
            <span
              style={
                Object {
                  "width": "20%",
                }
              }
            />
            <span
              className="visually-hidden"
            >
              1.3
            </span>
          </div>
        </div>
        <p
          className="reviews__text"
        >
          A quiet cozy and picturesque that hides behind a river by the unique lightness of Amsterdam.
      The building is green and from 18th century.
        </p>
        <time
          className="reviews__time"
          dateTime="2018-07-24"
        >
          July 2018
        </time>
      </div>
    </li>
    <li
      className="reviews__item"
    >
      <div
        className="reviews__user user"
      >
        <div
          className="reviews__avatar-wrapper user__avatar-wrapper"
        >
          <img
            alt="Reviews avatar"
            className="reviews__avatar user__avatar"
            height="54"
            src="http://picsum.photos/90/90?r=4"
            width="54"
          />
        </div>
        <span
          className="reviews__user-name"
        >
          Elly
        </span>
      </div>
      <div
        className="reviews__info"
      >
        <div
          className="reviews__rating rating"
        >
          <div
            className="reviews__stars rating__stars"
          >
            <span
              style={
                Object {
                  "width": "60%",
                }
              }
            />
            <span
              className="visually-hidden"
            >
              3.3
            </span>
          </div>
        </div>
        <p
          className="reviews__text"
        >
          A quiet cozy and picturesque that hides behind a river by the unique lightness of Amsterdam.
      The building is green and from 18th century.
        </p>
        <time
          className="reviews__time"
          dateTime="2018-05-14"
        >
          May 2018
        </time>
      </div>
    </li>
    <li
      className="reviews__item"
    >
      <div
        className="reviews__user user"
      >
        <div
          className="reviews__avatar-wrapper user__avatar-wrapper"
        >
          <img
            alt="Reviews avatar"
            className="reviews__avatar user__avatar"
            height="54"
            src="http://picsum.photos/90/90?r=5"
            width="54"
          />
        </div>
        <span
          className="reviews__user-name"
        >
          Kate
        </span>
      </div>
      <div
        className="reviews__info"
      >
        <div
          className="reviews__rating rating"
        >
          <div
            className="reviews__stars rating__stars"
          >
            <span
              style={
                Object {
                  "width": "0%",
                }
              }
            />
            <span
              className="visually-hidden"
            >
              0.3
            </span>
          </div>
        </div>
        <p
          className="reviews__text"
        >
          A quiet cozy and picturesque that hides behind a river by the unique lightness of Amsterdam.
      The building is green and from 18th century.
        </p>
        <time
          className="reviews__time"
          dateTime="2019-12-21"
        >
          December 2019
        </time>
      </div>
    </li>
    <li
      className="reviews__item"
    >
      <div
        className="reviews__user user"
      >
        <div
          className="reviews__avatar-wrapper user__avatar-wrapper"
        >
          <img
            alt="Reviews avatar"
            className="reviews__avatar user__avatar"
            height="54"
            src="http://picsum.photos/90/90?r=6"
            width="54"
          />
        </div>
        <span
          className="reviews__user-name"
        >
          Mike
        </span>
      </div>
      <div
        className="reviews__info"
      >
        <div
          className="reviews__rating rating"
        >
          <div
            className="reviews__stars rating__stars"
          >
            <span
              style={
                Object {
                  "width": "40%",
                }
              }
            />
            <span
              className="visually-hidden"
            >
              2.3
            </span>
          </div>
        </div>
        <p
          className="reviews__text"
        >
          A quiet cozy and picturesque that hides behind a river by the unique lightness of Amsterdam.
      The building is green and from 18th century.
        </p>
        <time
          className="reviews__time"
          dateTime="2020-03-11"
        >
          March 2020
        </time>
      </div>
    </li>
    <li
      className="reviews__item"
    >
      <div
        className="reviews__user user"
      >
        <div
          className="reviews__avatar-wrapper user__avatar-wrapper"
        >
          <img
            alt="Reviews avatar"
            className="reviews__avatar user__avatar"
            height="54"
            src="http://picsum.photos/90/90?r=7"
            width="54"
          />
        </div>
        <span
          className="reviews__user-name"
        >
          Jay
        </span>
      </div>
      <div
        className="reviews__info"
      >
        <div
          className="reviews__rating rating"
        >
          <div
            className="reviews__stars rating__stars"
          >
            <span
              style={
                Object {
                  "width": "100%",
                }
              }
            />
            <span
              className="visually-hidden"
            >
              5
            </span>
          </div>
        </div>
        <p
          className="reviews__text"
        >
          A quiet cozy and picturesque that hides behind a river by the unique lightness of Amsterdam.
      The building is green and from 18th century.
        </p>
        <time
          className="reviews__time"
          dateTime="2016-10-14"
        >
          October 2016
        </time>
      </div>
    </li>
    <li
      className="reviews__item"
    >
      <div
        className="reviews__user user"
      >
        <div
          className="reviews__avatar-wrapper user__avatar-wrapper"
        >
          <img
            alt="Reviews avatar"
            className="reviews__avatar user__avatar"
            height="54"
            src="http://picsum.photos/90/90?r=8"
            width="54"
          />
        </div>
        <span
          className="reviews__user-name"
        >
          Sergey
        </span>
      </div>
      <div
        className="reviews__info"
      >
        <div
          className="reviews__rating rating"
        >
          <div
            className="reviews__stars rating__stars"
          >
            <span
              style={
                Object {
                  "width": "80%",
                }
              }
            />
            <span
              className="visually-hidden"
            >
              4.7
            </span>
          </div>
        </div>
        <p
          className="reviews__text"
        >
          A quiet cozy and picturesque that hides behind a river by the unique lightness of Amsterdam.
      The building is green and from 18th century.
        </p>
        <time
          className="reviews__time"
          dateTime="2010-05-22"
        >
          May 2010
        </time>
      </div>
    </li>
    <li
      className="reviews__item"
    >
      <div
        className="reviews__user user"
      >
        <div
          className="reviews__avatar-wrapper user__avatar-wrapper"
        >
          <img
            alt="Reviews avatar"
            className="reviews__avatar user__avatar"
            height="54"
            src="http://picsum.photos/90/90?r=9"
            width="54"
          />
        </div>
        <span
          className="reviews__user-name"
        >
          Elena
        </span>
      </div>
      <div
        className="reviews__info"
      >
        <div
          className="reviews__rating rating"
        >
          <div
            className="reviews__stars rating__stars"
          >
            <span
              style={
                Object {
                  "width": "40%",
                }
              }
            />
            <span
              className="visually-hidden"
            >
              2.7
            </span>
          </div>
        </div>
        <p
          className="reviews__text"
        >
          A quiet cozy and picturesque that hides behind a river by the unique lightness of Amsterdam.
      The building is green and from 18th century.
        </p>
        <time
          className="reviews__time"
          dateTime="2019-11-11"
        >
          November 2019
        </time>
      </div>
    </li>
    <li
      className="reviews__item"
    >
      <div
        className="reviews__user user"
      >
        <div
          className="reviews__avatar-wrapper user__avatar-wrapper"
        >
          <img
            alt="Reviews avatar"
            className="reviews__avatar user__avatar"
            height="54"
            src="http://picsum.photos/90/90?r=10"
            width="54"
          />
        </div>
        <span
          className="reviews__user-name"
        >
          Tema
        </span>
      </div>
      <div
        className="reviews__info"
      >
        <div
          className="reviews__rating rating"
        >
          <div
            className="reviews__stars rating__stars"
          >
            <span
              style={
                Object {
                  "width": "20%",
                }
              }
            />
            <span
              className="visually-hidden"
            >
              1.7
            </span>
          </div>
        </div>
        <p
          className="reviews__text"
        >
          A quiet cozy and picturesque that hides behind a river by the unique lightness of Amsterdam.
      The building is green and from 18th century.
        </p>
        <time
          className="reviews__time"
          dateTime="2012-06-07"
        >
          June 2012
        </time>
      </div>
    </li>
    <li
      className="reviews__item"
    >
      <div
        className="reviews__user user"
      >
        <div
          className="reviews__avatar-wrapper user__avatar-wrapper"
        >
          <img
            alt="Reviews avatar"
            className="reviews__avatar user__avatar"
            height="54"
            src="http://picsum.photos/90/90?r=11"
            width="54"
          />
        </div>
        <span
          className="reviews__user-name"
        >
          Olga
        </span>
      </div>
      <div
        className="reviews__info"
      >
        <div
          className="reviews__rating rating"
        >
          <div
            className="reviews__stars rating__stars"
          >
            <span
              style={
                Object {
                  "width": "80%",
                }
              }
            />
            <span
              className="visually-hidden"
            >
              4.9
            </span>
          </div>
        </div>
        <p
          className="reviews__text"
        >
          A quiet cozy and picturesque that hides behind a river by the unique lightness of Amsterdam.
      The building is green and from 18th century.
        </p>
        <time
          className="reviews__time"
          dateTime="2020-07-01"
        >
          July 2020
        </time>
      </div>
    </li>
  </ul>,
]
`;
